PowerWindow.c:23:6:RapidUpDriverBtn	8	static
PowerWindow.c:42:6:RapidDownDriverBtn	8	static
PowerWindow.c:62:6:RapidUpFrontLeftBtn	8	static
PowerWindow.c:81:6:RapidDownFrontLeftBtn	8	static
PowerWindow.c:101:6:RapidUpRearLeftBtn	8	static
PowerWindow.c:120:6:RapidDownRearLeftBtn	8	static
PowerWindow.c:140:6:RapidUpRearRightBtn	8	static
PowerWindow.c:160:6:RapidDownRearRightBtn	8	static
PowerWindow.c:179:6:AntiPinch	4	static
PowerWindow.c:195:6:Start_BLDC_Motor	4	static
PowerWindow.c:211:6:Stop_BLDC_Motor	4	static
PowerWindow.c:226:6:IsWindowFullyOpen	4	static
PowerWindow.c:241:6:IsWindowFulluClose	4	static
PowerWindow.c:255:6:PowerWindowBtnInit	32	static
PowerWindow.c:270:6:Motor_GPIO_Init	56	static
