PowerWindow.c:8:6:RapidUpDriverBtn	8	static
PowerWindow.c:15:6:RapidDownDriverBtn	8	static
PowerWindow.c:23:6:RapidUpFrontLeftBtn	8	static
PowerWindow.c:30:6:RapidDownFrontLeftBtn	8	static
PowerWindow.c:38:6:RapidUpRearLeftBtn	8	static
PowerWindow.c:46:6:RapidDownRearLeftBtn	8	static
PowerWindow.c:54:6:RapidUpRearRightBtn	8	static
PowerWindow.c:62:6:RapidDownRearRightBtn	8	static
PowerWindow.c:70:6:AntiPinch	4	static
PowerWindow.c:74:6:BLDC_Motor	4	static
PowerWindow.c:78:6:PowerWindowBtnInit	32	static
